// Bun Snapshot v1, https://bun.sh/docs/test/snapshots

exports[`SchemaBuilder generation nested objects/arrays should combine object schemas and respect required property 1`] = `
{
  "properties": {
    "one": {
      "type": "integer",
    },
    "three": {
      "properties": {
        "five": {
          "items": {
            "type": "integer",
          },
          "type": "array",
        },
        "four": {
          "type": "integer",
        },
        "seven": {
          "items": {
            "properties": {
              "eight": {
                "type": "number",
              },
              "nine": {
                "type": "string",
              },
            },
            "type": "object",
          },
          "type": "array",
        },
        "six": {
          "type": "null",
        },
      },
      "required": [
        "four",
        "five",
        "six",
        "seven",
      ],
      "type": "object",
    },
    "two": {
      "type": "string",
    },
  },
  "required": [
    "one",
    "two",
    "three",
  ],
  "type": "object",
}
`;

exports[`SchemaBuilder generation all cases combined should generate valid schemas for complex objects 1`] = `
{
  "items": {
    "properties": {
      "lvl1PropNum": {
        "type": "number",
      },
      "lvl1PropObj1": {
        "properties": {
          "lvl2PropArr": {
            "items": {
              "type": [
                "null",
                "boolean",
                "number",
                "string",
              ],
            },
            "type": "array",
          },
        },
        "required": [
          "lvl2PropArr",
        ],
        "type": "object",
      },
      "lvl1PropObj2": {
        "properties": {
          "lvl2PropArr1": {
            "items": {
              "type": "integer",
            },
            "type": "array",
          },
          "lvl2PropArr2": {
            "items": {
              "anyOf": [
                {
                  "type": [
                    "integer",
                    "string",
                  ],
                },
                {
                  "items": {
                    "type": [
                      "boolean",
                      "integer",
                    ],
                  },
                  "type": "array",
                },
                {
                  "properties": {
                    "lvl3PropNum1": {
                      "type": "number",
                    },
                    "lvl3PropStr1": {
                      "type": "string",
                    },
                  },
                  "type": "object",
                },
              ],
            },
            "type": "array",
          },
          "lvl2PropNum1": {
            "type": "integer",
          },
          "six": {
            "type": "null",
          },
        },
        "required": [
          "lvl2PropNum1",
          "lvl2PropArr1",
          "six",
          "lvl2PropArr2",
        ],
        "type": "object",
      },
      "lvl1PropStr": {
        "type": "string",
      },
    },
    "required": [
      "lvl1PropStr",
    ],
    "type": "object",
  },
  "type": "array",
}
`;

exports[`SchemaBuilder generation circular refs should throw an error w/ explanation 1`] = `"JSON.stringify cannot serialize cyclic structures."`;
